// Animator Version: ANIMATOR2007 4.10.0
// File generated: 03/03/2017 14:18:38
// Model: HV_/New folder/Isolator/SCADAgen_HV__ISO__3_Closed

Version = "41000"

Symbol
{
  Polygon {
    Points = { (-55, -55), (54, -55), (54, 54), (-55, 54), (-55, -55)    }
    Filled = True
    Palette = { "background","SCADAgen_alarm","Arial/14","solid","solid",0,-1,-1,-1 }
  }
}
