// Animator Version: ANIMATOR2007 4.10.0
// File generated: 03/03/2017 14:16:47
// Model: HV_/New folder/Isolator/SCADAgen_HV__ISO__0_Undefined

Version = "41000"

Symbol
{
  Polygon {
    Points = { (-55, -55), (54, -55), (54, 54), (-55, 54)    }
    Filled = True
    Palette = { "background","SVG_COL048","Arial/14","solid","solid",1,-1,-1,-1 }
  }
}
