// Animator Version: ANIMATOR 2015 5.3.1
// File generated: 7/09/2017 12:13:44 PM
// Model: SC_/NUM_THREE

Version = "50301"

Symbol
{
  Label {
    Point = (0, 16)
    Label = " 3 "
    Transformer = ( 10.8347, 0, 0, 10.8347, -69, -86.1653 )
    Palette = { "SCADAgen_background","SCADAgen_foreground","default","solid","solid",1 }
  }
  Property "AnV8SelectionProperty" { AnV8SelectionProperty 0"" }
  Property "AnV8CommentProperty" { AnV8CommentProperty "" }
}
